[%%ocaml.error ;;"[@reaml] occurs in an inappropriate place"
  ;;""]
