[%%ocaml.error
  ;;"`@reaml.component` must be followed with a string - the component's name"
  ;;""]
