[%%ocaml.error "[@reaml.componnt] occurs in an inappropriate place"]
