[%%ocaml.error "the `key` prop cannot be accessed inside a component"]
